<?xml version="1.0" encoding="UTF-8"?>
<testsuites name="jest tests" tests="2" failures="0" errors="0" time="0.613">
  <testsuite name="undefined" errors="0" failures="0" skipped="0" timestamp="2025-05-29T04:18:48" time="0.274" tests="2">
    <testcase classname=" renders Universidad Católica de Pereiraß" name=" renders Universidad Católica de Pereiraß" time="0.017">
    </testcase>
    <testcase classname=" renders Listado de integrantes - Proceso de Desarrollo de Software I" name=" renders Listado de integrantes - Proceso de Desarrollo de Software I" time="0.003">
    </testcase>
  </testsuite>
</testsuites>